INFO 2025-07-29 01:47:37,241 main 29752 22748 Starting FastAPI application...
INFO 2025-07-29 01:47:37,299 connection 29752 22748 Database tables created successfully
INFO 2025-07-29 01:47:37,407 main 29752 22748 Database initialized
INFO 2025-07-29 01:48:29,220 main 29752 22748 Shutting down FastAPI application...
INFO 2025-07-29 01:48:29,221 connection 29752 22748 Database connections closed
INFO 2025-07-29 01:48:29,221 main 29752 22748 Database connection closed
INFO 2025-07-29 01:48:31,313 main 20068 35412 Starting FastAPI application...
INFO 2025-07-29 01:48:31,368 connection 20068 35412 Database tables created successfully
INFO 2025-07-29 01:48:31,479 main 20068 35412 Database initialized
INFO 2025-07-29 01:53:42,226 main 20068 35412 Shutting down FastAPI application...
INFO 2025-07-29 01:53:42,226 connection 20068 35412 Database connections closed
INFO 2025-07-29 01:53:42,226 main 20068 35412 Database connection closed
INFO 2025-07-29 01:53:54,944 main 21808 29508 Starting FastAPI application...
INFO 2025-07-29 01:53:55,001 connection 21808 29508 Database tables created successfully
INFO 2025-07-29 01:53:55,114 main 21808 29508 Database initialized
INFO 2025-07-29 01:56:55,075 main 21808 29508 Shutting down FastAPI application...
INFO 2025-07-29 01:56:55,075 connection 21808 29508 Database connections closed
INFO 2025-07-29 01:56:55,079 main 21808 29508 Database connection closed
INFO 2025-07-29 01:56:58,116 main 30380 32532 Starting FastAPI application...
INFO 2025-07-29 01:56:58,178 connection 30380 32532 Database tables created successfully
INFO 2025-07-29 01:56:58,290 main 30380 32532 Database initialized
INFO 2025-07-29 01:56:59,715 main 30380 32532 Shutting down FastAPI application...
INFO 2025-07-29 01:56:59,716 connection 30380 32532 Database connections closed
INFO 2025-07-29 01:56:59,716 main 30380 32532 Database connection closed
INFO 2025-07-29 01:57:06,958 main 12860 1456 Starting FastAPI application...
INFO 2025-07-29 01:57:07,115 connection 12860 1456 Database tables created successfully
INFO 2025-07-29 01:57:07,237 main 12860 1456 Database initialized
INFO 2025-07-29 01:57:32,824 main 12860 1456 Shutting down FastAPI application...
INFO 2025-07-29 01:57:32,824 connection 12860 1456 Database connections closed
INFO 2025-07-29 01:57:32,824 main 12860 1456 Database connection closed
INFO 2025-07-29 01:57:34,594 main 29724 13976 Starting FastAPI application...
INFO 2025-07-29 01:57:34,645 connection 29724 13976 Database tables created successfully
INFO 2025-07-29 01:57:34,724 main 29724 13976 Database initialized
INFO 2025-07-29 02:35:47,698 main 29724 13976 Shutting down FastAPI application...
INFO 2025-07-29 02:35:47,699 connection 29724 13976 Database connections closed
INFO 2025-07-29 02:35:47,699 main 29724 13976 Database connection closed
INFO 2025-07-29 02:35:49,828 main 24604 11200 Starting FastAPI application...
INFO 2025-07-29 02:35:49,880 connection 24604 11200 Database tables created successfully
INFO 2025-07-29 02:35:49,910 main 24604 11200 Database initialized
INFO 2025-07-29 02:36:09,134 main 24604 11200 Shutting down FastAPI application...
INFO 2025-07-29 02:36:09,135 connection 24604 11200 Database connections closed
INFO 2025-07-29 02:36:09,135 main 24604 11200 Database connection closed
INFO 2025-07-29 02:36:11,032 main 6020 8448 Starting FastAPI application...
INFO 2025-07-29 02:36:11,116 connection 6020 8448 Database tables created successfully
INFO 2025-07-29 02:36:11,148 main 6020 8448 Database initialized
INFO 2025-07-29 02:40:22,728 main 6020 8448 Shutting down FastAPI application...
INFO 2025-07-29 02:40:22,729 connection 6020 8448 Database connections closed
INFO 2025-07-29 02:40:22,729 main 6020 8448 Database connection closed
INFO 2025-07-29 02:40:25,187 main 22556 25960 Starting FastAPI application...
INFO 2025-07-29 02:40:25,254 connection 22556 25960 Database tables created successfully
INFO 2025-07-29 02:40:25,288 main 22556 25960 Database initialized
INFO 2025-07-29 02:41:13,955 main 22556 25960 Shutting down FastAPI application...
INFO 2025-07-29 02:41:13,956 connection 22556 25960 Database connections closed
INFO 2025-07-29 02:41:13,956 main 22556 25960 Database connection closed
INFO 2025-07-29 02:41:15,824 main 28568 34340 Starting FastAPI application...
INFO 2025-07-29 02:41:15,883 connection 28568 34340 Database tables created successfully
INFO 2025-07-29 02:41:15,915 main 28568 34340 Database initialized
INFO 2025-07-29 02:42:02,755 main 28568 34340 Shutting down FastAPI application...
INFO 2025-07-29 02:42:02,756 connection 28568 34340 Database connections closed
INFO 2025-07-29 02:42:02,756 main 28568 34340 Database connection closed
INFO 2025-07-29 02:42:09,510 main 33544 8740 Starting FastAPI application...
INFO 2025-07-29 02:42:09,565 connection 33544 8740 Database tables created successfully
INFO 2025-07-29 02:42:09,604 main 33544 8740 Database initialized
INFO 2025-07-29 02:47:06,204 main 33544 8740 Shutting down FastAPI application...
INFO 2025-07-29 02:47:06,205 connection 33544 8740 Database connections closed
INFO 2025-07-29 02:47:06,205 main 33544 8740 Database connection closed
INFO 2025-07-29 02:47:09,107 main 27732 31828 Starting FastAPI application...
INFO 2025-07-29 02:47:09,171 connection 27732 31828 Database tables created successfully
INFO 2025-07-29 02:47:09,204 main 27732 31828 Database initialized
INFO 2025-07-29 03:00:36,750 main 27732 31828 Shutting down FastAPI application...
INFO 2025-07-29 03:00:36,751 connection 27732 31828 Database connections closed
INFO 2025-07-29 03:00:36,751 main 27732 31828 Database connection closed
INFO 2025-07-29 03:00:40,090 main 4516 10296 Starting FastAPI application...
INFO 2025-07-29 03:00:40,244 connection 4516 10296 Database tables created successfully
INFO 2025-07-29 03:00:40,281 main 4516 10296 Database initialized
INFO 2025-07-29 03:01:24,292 main 4516 10296 Shutting down FastAPI application...
INFO 2025-07-29 03:01:24,293 connection 4516 10296 Database connections closed
INFO 2025-07-29 03:01:24,293 main 4516 10296 Database connection closed
INFO 2025-07-29 03:01:26,297 main 20324 31888 Starting FastAPI application...
INFO 2025-07-29 03:01:26,409 connection 20324 31888 Database tables created successfully
INFO 2025-07-29 03:01:26,437 main 20324 31888 Database initialized
INFO 2025-07-29 03:01:37,319 main 20324 31888 Shutting down FastAPI application...
INFO 2025-07-29 03:01:37,319 connection 20324 31888 Database connections closed
INFO 2025-07-29 03:01:37,319 main 20324 31888 Database connection closed
INFO 2025-07-29 03:01:39,489 main 23640 18980 Starting FastAPI application...
INFO 2025-07-29 03:01:39,609 connection 23640 18980 Database tables created successfully
INFO 2025-07-29 03:01:39,636 main 23640 18980 Database initialized
INFO 2025-07-29 03:04:34,854 main 23640 18980 Shutting down FastAPI application...
INFO 2025-07-29 03:04:34,855 connection 23640 18980 Database connections closed
INFO 2025-07-29 03:04:34,855 main 23640 18980 Database connection closed
INFO 2025-07-29 03:08:38,778 main 23688 28944 Starting FastAPI application...
INFO 2025-07-29 03:08:38,835 main 23688 28944 Database tables created successfully
INFO 2025-07-29 03:08:49,957 notification_service 23688 28944 User 2 has disabled in-app notifications
INFO 2025-07-29 03:08:49,964 notification_service 23688 28944 User 3 has disabled in-app notifications
INFO 2025-07-29 03:08:53,261 notification_service 23688 28944 User 2 has disabled in-app notifications
INFO 2025-07-29 03:08:53,263 notification_service 23688 28944 User 3 has disabled in-app notifications
INFO 2025-07-29 03:09:36,378 main 23688 28944 Shutting down FastAPI application...
INFO 2025-07-29 03:09:36,378 main 23688 28944 Database connections closed
INFO 2025-07-29 03:10:03,831 main 32948 25084 Starting FastAPI application...
INFO 2025-07-29 03:10:03,882 main 32948 25084 Database tables created successfully
INFO 2025-07-29 03:10:23,241 notification_service 32948 25084 User 2 has disabled in-app notifications
INFO 2025-07-29 03:10:23,242 notification_service 32948 25084 User 3 has disabled in-app notifications
INFO 2025-07-29 03:10:30,266 notification_service 32948 25084 User 2 has disabled in-app notifications
INFO 2025-07-29 03:10:30,267 notification_service 32948 25084 User 3 has disabled in-app notifications
INFO 2025-07-29 03:11:50,924 main 32948 25084 Shutting down FastAPI application...
INFO 2025-07-29 03:11:50,925 main 32948 25084 Database connections closed
INFO 2025-07-29 03:11:54,511 main 22156 33892 Starting FastAPI application...
INFO 2025-07-29 03:11:54,589 main 22156 33892 Database tables created successfully
INFO 2025-07-29 03:12:26,492 notification_service 22156 33892 User 2 has disabled in-app notifications
INFO 2025-07-29 03:12:26,494 notification_service 22156 33892 User 3 has disabled in-app notifications
INFO 2025-07-29 03:12:31,564 main 22156 33892 Shutting down FastAPI application...
INFO 2025-07-29 03:12:31,565 main 22156 33892 Database connections closed
INFO 2025-07-29 03:12:33,818 main 35076 32368 Starting FastAPI application...
INFO 2025-07-29 03:12:33,874 main 35076 32368 Database tables created successfully
INFO 2025-07-29 03:12:46,070 main 35076 32368 Shutting down FastAPI application...
INFO 2025-07-29 03:12:46,070 main 35076 32368 Database connections closed
INFO 2025-07-29 03:12:48,972 main 29196 27788 Starting FastAPI application...
INFO 2025-07-29 03:12:49,024 main 29196 27788 Database tables created successfully
INFO 2025-07-29 03:13:28,585 notification_service 29196 27788 User 2 has disabled in-app notifications
INFO 2025-07-29 03:13:28,587 notification_service 29196 27788 User 3 has disabled in-app notifications
INFO 2025-07-29 03:13:28,751 main 29196 27788 Shutting down FastAPI application...
INFO 2025-07-29 03:13:28,751 main 29196 27788 Database connections closed
INFO 2025-07-29 03:13:31,650 main 24768 6988 Starting FastAPI application...
INFO 2025-07-29 03:13:31,707 main 24768 6988 Database tables created successfully
INFO 2025-07-29 03:13:33,537 notification_service 24768 6988 User 2 has disabled in-app notifications
INFO 2025-07-29 03:13:33,538 notification_service 24768 6988 User 3 has disabled in-app notifications
INFO 2025-07-29 03:13:35,004 main 24768 6988 Shutting down FastAPI application...
INFO 2025-07-29 03:13:35,005 main 24768 6988 Database connections closed
INFO 2025-07-29 03:13:39,555 main 35176 33056 Starting FastAPI application...
INFO 2025-07-29 03:13:39,602 main 35176 33056 Database tables created successfully
INFO 2025-07-29 03:13:41,711 main 35176 33056 Shutting down FastAPI application...
INFO 2025-07-29 03:13:41,711 main 35176 33056 Database connections closed
INFO 2025-07-29 03:14:05,088 main 7404 3632 Starting FastAPI application...
INFO 2025-07-29 03:14:05,137 main 7404 3632 Database tables created successfully
INFO 2025-07-29 03:21:11,630 main 6772 5640 Starting FastAPI application...
INFO 2025-07-29 03:21:11,696 main 6772 5640 Database tables created successfully
INFO 2025-07-29 03:21:52,630 main 6772 5640 Shutting down FastAPI application...
INFO 2025-07-29 03:21:52,631 main 6772 5640 Database connections closed
INFO 2025-07-29 03:21:55,235 main 35628 27144 Starting FastAPI application...
INFO 2025-07-29 03:21:55,299 main 35628 27144 Database tables created successfully
INFO 2025-07-29 03:22:39,673 main 35628 27144 Shutting down FastAPI application...
INFO 2025-07-29 03:22:39,673 main 35628 27144 Database connections closed
INFO 2025-07-29 03:22:47,878 main 33636 9636 Starting FastAPI application...
INFO 2025-07-29 03:22:47,930 main 33636 9636 Database tables created successfully
INFO 2025-07-29 03:23:40,541 main 33636 9636 Shutting down FastAPI application...
INFO 2025-07-29 03:23:40,541 main 33636 9636 Database connections closed
